
> headless-wp@0.1.0 build
> next build

Γû▓ Next.js 16.2.1 (Turbopack)
- Environments: .env.local
- Cache Components enabled
- Experiments (use with caution):
  Γ£ô instantNavigationDevToolsToggle

  Creating an optimized production build ...
Γ£ô Compiled successfully in 22.4s
  Running TypeScript ...
  Finished TypeScript in 4.5s ...
  Collecting page data using 11 workers ...
node.exe : (node:20156) Warning: 
`--localstorage-file` was provided 
without a valid path
At line:1 char:1
+ & "C:\Program Files\nodejs/node.exe" 
"C:\Program Files\nodejs/node_mo ...
+ ~~~~~~~~~~~~~~~~~~~~~~~~~~~~~~~~~~~~~~~~
~~~~~~~~~~~~~~~~~~~~~~~~~~~~~
    + CategoryInfo          : NotSp    
ecified: ((node:20156) Wa...ut     a 
valid path:String) [], Remote    Exception
    + FullyQualifiedErrorId : Nativ    
eCommandError
 
(Use `node --trace-warnings ...` to show 
where the warning was created)
(node:23232) Warning: 
`--localstorage-file` was provided 
without a valid path
(Use `node --trace-warnings ...` to show 
where the warning was created)
(node:6712) Warning: 
`--localstorage-file` was provided 
without a valid path
(Use `node --trace-warnings ...` to show 
where the warning was created)
(node:11328) Warning: 
`--localstorage-file` was provided 
without a valid path
(Use `node --trace-warnings ...` to show 
where the warning was created)
(node:3564) Warning: 
`--localstorage-file` was provided 
without a valid path
(Use `node --trace-warnings ...` to show 
where the warning was created)
(node:18560) Warning: 
`--localstorage-file` was provided 
without a valid path
(Use `node --trace-warnings ...` to show 
where the warning was created)
(node:23716) Warning: 
`--localstorage-file` was provided 
without a valid path
(Use `node --trace-warnings ...` to show 
where the warning was created)
(node:5420) Warning: 
`--localstorage-file` was provided 
without a valid path
(Use `node --trace-warnings ...` to show 
where the warning was created)
(node:24404) Warning: 
`--localstorage-file` was provided 
without a valid path
(Use `node --trace-warnings ...` to show 
where the warning was created)
(node:10104) Warning: 
`--localstorage-file` was provided 
without a valid path
(Use `node --trace-warnings ...` to show 
where the warning was created)
(node:21796) Warning: 
`--localstorage-file` was provided 
without a valid path
(Use `node --trace-warnings ...` to show 
where the warning was created)
  Generating static pages using 11 workers (0/23) ...
  Generating static pages using 11 workers (5/23) 
  Generating static pages using 11 workers (11/23) 
  Generating static pages using 11 workers (17/23) 
Γ£ô Generating static pages using 11 workers (23/23) in 2.0s
  Finalizing page optimization ...

Route (app)
Γöî Γùï /
Γö£ Γùï /_not-found
Γö£ Γùï /about
Γö£ ╞Æ /api/chat
Γö£ ╞Æ /api/lead
Γö£ Γùï /case-studies
Γö£ Γùï /consultation
Γö£ Γùï /contact
Γö£ Γùï /get-quote
Γö£ Γùï /insights
Γö£ Γùï /posts
Γö£ ΓùÉ /posts/[slug]
Γöé Γö£ /posts/[slug]
Γöé Γöö /posts/thoughtful-interior-design
Γö£ Γùï /products
Γö£ Γùï /projects
Γö£ ΓùÉ /projects/[slug]
Γöé Γö£ /projects/[slug]
Γöé Γö£ /projects/modern-elegance
Γöé Γöö /projects/modern-minimalist-living-space
Γö£ Γùï /sanity-test
Γö£ Γùï /spaces
Γöö ΓùÉ /studio/[[...tool]]
  Γöö /studio/[[...tool]]


Γùï  (Static)             prerendered as static content
ΓùÉ  (Partial Prerender)  prerendered as static HTML with dynamic server-streamed content
╞Æ  (Dynamic)            server-rendered on demand

